加载成功: 90 条记录
验证结果: 通过
